2025-06-10 02:20:34 - PortScanner - INFO - 日志系统初始化完成，日志级别: DEBUG, 日志文件: logs/port_scanner_20250610_022034.log
2025-06-10 02:20:34 - PortScanner - INFO - ============================================================
2025-06-10 02:20:34 - PortScanner - INFO - 端口扫描工具启动
2025-06-10 02:20:34 - PortScanner - INFO - 命令行参数: {'port': None, 'name': None, 'all': False, 'log_level': 'DEBUG', 'log_file': None}
2025-06-10 02:20:34 - PortScanner - INFO - Python版本: 3.13.3 (main, Apr  8 2025, 19:55:40) [GCC 14.2.0]
2025-06-10 02:20:34 - PortScanner - INFO - 操作系统: posix
2025-06-10 02:20:34 - PortScanner - INFO - ============================================================
2025-06-10 02:20:34 - PortScanner - INFO - 开始端口扫描
2025-06-10 02:20:34 - PortScanner - INFO - 扫描参数 - 指定端口: None, 进程名称过滤: None
2025-06-10 02:20:34 - PortScanner - DEBUG - 开始获取本地IP地址
2025-06-10 02:20:34 - PortScanner - DEBUG - 网关信息: {'default': {2: ('172.17.0.1', 'eth0')}, 2: [('172.17.0.1', 'eth0', True)]}
2025-06-10 02:20:34 - PortScanner - DEBUG - 默认网络接口: eth0
2025-06-10 02:20:34 - PortScanner - INFO - 成功获取本地IP地址: 172.17.0.2
2025-06-10 02:20:34 - PortScanner - INFO - 获取到 10 个网络连接
2025-06-10 02:20:34 - PortScanner - DEBUG - 跳过非监听状态的连接: 33342 (状态: ESTABLISHED)
2025-06-10 02:20:34 - PortScanner - DEBUG - 跳过非监听状态的连接: 26053 (状态: TIME_WAIT)
2025-06-10 02:20:34 - PortScanner - DEBUG - 跳过非监听状态的连接: 26053 (状态: TIME_WAIT)
2025-06-10 02:20:34 - PortScanner - DEBUG - 跳过非监听状态的连接: 34820 (状态: ESTABLISHED)
2025-06-10 02:20:34 - PortScanner - DEBUG - 发现监听端口: 26053 (PID: 840)
2025-06-10 02:20:34 - PortScanner - DEBUG - 正在获取PID 840 的进程信息
2025-06-10 02:20:34 - PortScanner - DEBUG - 成功获取进程信息: {'name': 'node', 'pid': 840, 'create_time': '2025-06-10 02:18:07', 'status': 'sleeping'}
2025-06-10 02:20:34 - PortScanner - INFO - 找到匹配端口: 26053 - 进程: node (PID: 840)
2025-06-10 02:20:34 - PortScanner - DEBUG - 跳过非监听状态的连接: 26053 (状态: TIME_WAIT)
2025-06-10 02:20:34 - PortScanner - DEBUG - 发现监听端口: 26054 (PID: 1532)
2025-06-10 02:20:34 - PortScanner - DEBUG - 正在获取PID 1532 的进程信息
2025-06-10 02:20:34 - PortScanner - DEBUG - 成功获取进程信息: {'name': 'node', 'pid': 1532, 'create_time': '2025-06-10 02:18:21', 'status': 'sleeping'}
2025-06-10 02:20:34 - PortScanner - INFO - 找到匹配端口: 26054 - 进程: node (PID: 1532)
2025-06-10 02:20:34 - PortScanner - DEBUG - 跳过非监听状态的连接: 33348 (状态: ESTABLISHED)
2025-06-10 02:20:34 - PortScanner - DEBUG - 跳过非监听状态的连接: 54182 (状态: ESTABLISHED)
2025-06-10 02:20:34 - PortScanner - DEBUG - 跳过非监听状态的连接: 26053 (状态: ESTABLISHED)
2025-06-10 02:20:34 - PortScanner - INFO - 扫描完成 - 总连接数: 10, 监听端口数: 2, 匹配结果数: 2
2025-06-10 02:20:34 - PortScanner - INFO - 端口扫描正常结束
2025-06-10 02:20:34 - PortScanner - INFO - 程序退出
